#-----------------------------------------------------------
# Vivado v2023.1 (64-bit)
# SW Build 3865809 on Sun May  7 15:05:29 MDT 2023
# IP Build 3864474 on Sun May  7 20:36:21 MDT 2023
# SharedData Build 3865790 on Sun May 07 13:33:03 MDT 2023
# Start of session at: Tue Dec 26 17:57:04 2023
# Process ID: 24420
# Current directory: C:/PRACTICAS SED/trabajo_def2
# Command line: vivado.exe -gui_launcher_event rodinguilauncherevent12208 C:\PRACTICAS SED\trabajo_def2\trabajo_def.xpr
# Log file: C:/PRACTICAS SED/trabajo_def2/vivado.log
# Journal file: C:/PRACTICAS SED/trabajo_def2\vivado.jou
# Running On: Alvaro, OS: Windows, CPU Frequency: 2803 MHz, CPU Physical cores: 4, Host memory: 16859 MB
#-----------------------------------------------------------
start_gui
open_project {C:/PRACTICAS SED/trabajo_def2/trabajo_def.xpr}
update_compile_order -fileset sources_1
file mkdir C:/PRACTICAS SED/trabajo_def2/trabajo_def.srcs/sim_1/new
file mkdir C:/PRACTICAS SED/trabajo_def2/trabajo_def.srcs/sim_1/new
file mkdir C:/PRACTICAS SED/trabajo_def2/trabajo_def.srcs/sim_1/new
file mkdir C:/PRACTICAS SED/trabajo_def2/trabajo_def.srcs/sim_1/new
file mkdir C:/PRACTICAS SED/trabajo_def2/trabajo_def.srcs/sim_1/new
set_property SOURCE_SET sources_1 [get_filesets sim_1]
file mkdir C:/PRACTICAS SED/trabajo_def2/trabajo_def.srcs/sim_1/new
file mkdir {C:/PRACTICAS SED/trabajo_def2/trabajo_def.srcs/sim_1/new}
close [ open {C:/PRACTICAS SED/trabajo_def2/trabajo_def.srcs/sim_1/new/Displays_tb.vhd} w ]
add_files -fileset sim_1 {{C:/PRACTICAS SED/trabajo_def2/trabajo_def.srcs/sim_1/new/Displays_tb.vhd}}
update_compile_order -fileset sim_1
open_project {C:/PRACTICAS SED/pruebas/pruebas.xpr}
update_compile_order -fileset sources_1
current_project trabajo_def
set_property SOURCE_SET sources_1 [get_filesets sim_1]
close [ open {C:/PRACTICAS SED/trabajo_def2/trabajo_def.srcs/sim_1/new/Crono_tb.vhd} w ]
add_files -fileset sim_1 {{C:/PRACTICAS SED/trabajo_def2/trabajo_def.srcs/sim_1/new/Crono_tb.vhd}}
update_compile_order -fileset sim_1
current_project pruebas
current_project trabajo_def
current_project pruebas
close_project
# Disabling source management mode.  This is to allow the top design properties to be set without GUI intervention.
set_property source_mgmt_mode None [current_project]
set_property top Crono_tb [get_filesets sim_1]
set_property top_lib xil_defaultlib [get_filesets sim_1]
# Re-enabling previously disabled source management mode.
set_property source_mgmt_mode All [current_project]
update_compile_order -fileset sim_1
launch_simulation
source Crono_tb.tcl
# Disabling source management mode.  This is to allow the top design properties to be set without GUI intervention.
set_property source_mgmt_mode None [current_project]
set_property top Displays_tb [get_filesets sim_1]
set_property top_lib xil_defaultlib [get_filesets sim_1]
# Re-enabling previously disabled source management mode.
set_property source_mgmt_mode All [current_project]
update_compile_order -fileset sim_1
launch_simulation
close_sim
close_project
open_project {C:/PRACTICAS SED/trabajo_def2/trabajo_def.xpr}
update_compile_order -fileset sources_1
launch_simulation
source Displays_tb.tcl
set_property SOURCE_SET sources_1 [get_filesets sim_1]
close [ open {C:/PRACTICAS SED/trabajo_def2/trabajo_def.srcs/sim_1/new/MaquinaEstados_tb.vhd} w ]
add_files -fileset sim_1 {{C:/PRACTICAS SED/trabajo_def2/trabajo_def.srcs/sim_1/new/MaquinaEstados_tb.vhd}}
update_compile_order -fileset sim_1
# Disabling source management mode.  This is to allow the top design properties to be set without GUI intervention.
set_property source_mgmt_mode None [current_project]
set_property top MaquinaEstados_tb [get_filesets sim_1]
set_property top_lib xil_defaultlib [get_filesets sim_1]
# Re-enabling previously disabled source management mode.
set_property source_mgmt_mode All [current_project]
update_compile_order -fileset sim_1
launch_simulation
close_sim
close_project
open_project {C:/PRACTICAS SED/trabajo_def2/trabajo_def.xpr}
update_compile_order -fileset sources_1
launch_simulation
source MaquinaEstados_tb.tcl
set_property SOURCE_SET sources_1 [get_filesets sim_1]
close [ open {C:/PRACTICAS SED/trabajo_def2/trabajo_def.srcs/sim_1/new/Inverso_tb.vhd} w ]
add_files -fileset sim_1 {{C:/PRACTICAS SED/trabajo_def2/trabajo_def.srcs/sim_1/new/Inverso_tb.vhd}}
update_compile_order -fileset sim_1
set_property SOURCE_SET sources_1 [get_filesets sim_1]
close [ open {C:/PRACTICAS SED/trabajo_def2/trabajo_def.srcs/sim_1/new/Entradas_tb.vhd} w ]
add_files -fileset sim_1 {{C:/PRACTICAS SED/trabajo_def2/trabajo_def.srcs/sim_1/new/Entradas_tb.vhd}}
update_compile_order -fileset sim_1
# Disabling source management mode.  This is to allow the top design properties to be set without GUI intervention.
set_property source_mgmt_mode None [current_project]
set_property top Entradas_tb [get_filesets sim_1]
set_property top_lib xil_defaultlib [get_filesets sim_1]
# Re-enabling previously disabled source management mode.
set_property source_mgmt_mode All [current_project]
update_compile_order -fileset sim_1
launch_simulation
close_sim
close_project
open_project {C:/PRACTICAS SED/trabajo_def2/trabajo_def.xpr}
update_compile_order -fileset sources_1
launch_simulation
source Entradas_tb.tcl
close_sim
launch_simulation
source Entradas_tb.tcl
close_sim
launch_simulation
source Entradas_tb.tcl
close_sim
